exports[`revenue and costs submit button renders a snapshot 1`] = `
<div
  className="column eight wide computer sixteen wide tablet"
  id="revenue-costs-submit-button">
  <button
    className="ui button">
    Sources >
  </button>
</div>
`;
