exports[`sign up step renders a snapshot 1`] = `
<div
  className="ui grid"
  id="sign-up-step">
  <div
    className="column thirteen wide computer one wide tablet" />
  <div
    className="column three wide computer five wide tablet">
    Step 
     of 6
  </div>
</div>
`;
