exports[`details renders a snapshot 1`] = `
<div
  id="details">
  <div
    className="ui grid">
    <div
      className="column sixteen wide">
      <h3>
        How It Works
      </h3>
    </div>
    <div
      className="column sixteen wide">
      <ul>
        <li>
          Enter information about the financial status of your system.
        </li>
        <li>
          Enter information about the capacity, condition, and age of your system's assets.
        </li>
        <li>
          You are provided with a dashboard showing the estimated remaining life and replacement costs for your system\'s infrastructure.
        </li>
      </ul>
    </div>
  </div>
</div>
`;
